// Jest Snapshot v1, https://goo.gl/fbAQLP

exports[`signup when credentials are correct should be successful 1`] = `
Object {
  "destroyed": false,
  "token": Any<String>,
  "user": ObjectContaining {
    "passwordHash": Any<String>,
  },
}
`;

exports[`signup when the user does not exist should be an error 1`] = `
Object {
  "error": "Unauthorized",
  "message": "Bad credentials",
  "statusCode": 401,
}
`;
