// Jest Snapshot v1, https://goo.gl/fbAQLP

exports[`Password recovery when the user does not exist should be an error 1`] = `
Object {
  "error": "Bad Request",
  "message": "User not found",
  "statusCode": 400,
}
`;

exports[`Password recovery when the user does not exist should match response snapshot 1`] = `
Object {
  "error": "Bad Request",
  "message": "User not found",
  "statusCode": 400,
}
`;

exports[`Password recovery when the user exists should be successful 1`] = `Object {}`;

exports[`Password recovery when the user exists should match response snapshot 1`] = `Object {}`;
