// Jest Snapshot v1, https://goo.gl/fbAQLP

exports[`Password reset when email and secret are correct should return successful response 1`] = `Object {}`;

exports[`Password reset when password is invalid should return failed response 1`] = `
Object {
  "error": "Bad Request",
  "message": Array [
    Object {
      "children": Array [],
      "constraints": Object {
        "minLength": "password must be longer than or equal to 6 characters",
      },
      "property": "password",
      "target": Object {
        "email": "Fannie.Brekke88@gmail.com",
        "password": "",
        "secret": "38169",
      },
      "value": "",
    },
  ],
  "statusCode": 400,
}
`;
